// Jest Snapshot v1, https://goo.gl/fbAQLP

exports[`Roster renders 1`] = `
<DocumentFragment>
  <div
    class="row"
  >
    <div
      class="col"
    >
      <div
        class="table-responsive"
      >
        <table
          class="table table-sm"
        >
          <thead>
            <tr
              style="background-color: rgb(212, 225, 255);"
            >
              <th />
              <th>
                Position
              </th>
              <th>
                Height
              </th>
              <th>
                Weight
              </th>
              <th>
                Pro Debut
              </th>
            </tr>
          </thead>
          <tbody>
            <tr>
              <td>
                <button>
                  Pete Alonso
                  <span
                    id="number"
                  >
                     20
                  </span>
                </button>
              </td>
              <td>
                1B
              </td>
              <td>
                6'3"
              </td>
              <td>
                245
              </td>
              <td>
                2019
              </td>
            </tr>
            <tr>
              <td>
                <button>
                  Dellin Betances
                  <span
                    id="number"
                  >
                     68
                  </span>
                </button>
              </td>
              <td>
                P
              </td>
              <td>
                6'8"
              </td>
              <td>
                265
              </td>
              <td>
                2011
              </td>
            </tr>
          </tbody>
        </table>
      </div>
    </div>
  </div>
</DocumentFragment>
`;
